Aether red-team diligence clip (host).
Same refuse paths as the kernel self-check — not a new isolator.

[redteam] attack=wrong-sid-crosscut result=refused
[redteam] attack=softcmdfirewall result=refused
[redteam] attack=softsfi-oob result=refused
[redteam] attack=softnoi-is result=refused
[redteam] attack=pasid-stale result=refused
[redteam] attack=blast-hops result=refused
[redteam] attack=blast-nodes result=refused
[redteam] attack=bank-color result=refused
[redteam] attack=uncolored-compute result=refused
[redteam] attack=foreign-tenant-color result=refused
[redteam] attack=qos-credits result=refused
[redteam] attack=fence-not-ready result=refused
[redteam] attack=outside-slice result=refused
[redteam] attack=silent-remote result=refused
[redteam] attack=typed-window-sid result=refused
[redteam] attack=hbm-bw result=refused
[redteam] attack=xqueue-sid-override result=refused
[redteam] attack=set-sid-unbound result=refused
[redteam] attack=submit-sid result=refused
[redteam] attack=sid-budget result=refused
[redteam] attack=stage2-fault result=refused
[redteam] attack=softnoi-exhausted result=refused
[redteam] attack=hodge-harmonic-tree result=refused
[redteam] attack=hodge-curl-tree result=refused
[redteam] attack=hodge-quota result=refused
[redteam] attack=firewall-ident-pa result=refused
[redteam] attack=greenctx-overcommit result=refused
[redteam] attack=greenctx-unbound result=refused
[redteam] attack=greenctx-exhausted result=refused
[redteam] fabric-class admit/refuse
[redteam] ATOMIC_ADD accept/reject
[softsfi] tensor=refused
[softsfi] heap=refused
[softsfi] unknown=refused
[softsfi] unknown-base=refused

[redteam] what this is not: confidential GPU; not HW MIG; Soft SMMU is software
[redteam] sealed
